// Jest Snapshot v1, https://goo.gl/fbAQLP

exports[`renders demo correctly 1`] = `
<div>
  <div>
    <ul class="win-pagination">
      <li class="win-pagination__item win-pagination__item--disabled win-pagination__prev win-hairline">上一页</li>
      <li class="win-pagination__item win-pagination__item--active win-pagination__page win-hairline">1</li>
      <li class="win-pagination__item win-pagination__page win-hairline">2</li>
      <li class="win-pagination__item win-pagination__page win-hairline">3</li>
      <li class="win-pagination__item win-pagination__page win-hairline">4</li>
      <li class="win-pagination__item win-pagination__page win-hairline">5</li>
      <li class="win-pagination__item win-pagination__next win-hairline">下一页</li>
    </ul>
  </div>
  <div>
    <ul class="win-pagination win-pagination--simple" size="small">
      <li class="win-pagination__item win-pagination__item--disabled win-pagination__prev win-hairline">上一页</li>
      <li class="win-pagination__page-desc">1/12</li>
      <li class="win-pagination__item win-pagination__next win-hairline">下一页</li>
    </ul>
  </div>
  <div>
    <ul class="win-pagination">
      <li class="win-pagination__item win-pagination__item--disabled win-pagination__prev win-hairline">上一页</li>
      <li class="win-pagination__item win-pagination__item--active win-pagination__page win-hairline">1</li>
      <li class="win-pagination__item win-pagination__page win-hairline">2</li>
      <li class="win-pagination__item win-pagination__page win-hairline">3</li>
      <li class="win-pagination__item win-pagination__page win-hairline">...</li>
      <li class="win-pagination__item win-pagination__next win-hairline">下一页</li>
    </ul>
  </div>
</div>
`;
